Too different 4.00 vs 5.00 with context
< <tr><td></td><td>             5.00</td><td>             0.00</td><td>             0.00</td><td>             0.00</td><td>             0.00</td><td>             5.00</td><td>      18070950.00</td><td>             0.67</td><td class='left'><a href="../../smokebox/variant/Transcript/Transcript.filter.indel.eval.txt">smokebox/variant/Transcript/Transcript.filter.indel.eval.txt</a></td></tr>
vs
> <tr><td></td><td>             4.00</td><td>             0.00</td><td>             0.00</td><td>             0.00</td><td>             0.00</td><td>             4.00</td><td>      22588688.00</td><td>             1.00</td><td class='left'><a href="../../smokebox/variant/Transcript/Transcript.filter.indel.eval.txt">smokebox/variant/Transcript/Transcript.filter.indel.eval.txt</a></td></tr>
-----REST------
431,432c431,432
< <tr><td></td><td>          7030.00</td><td>             0.00</td><td>           433.00</td><td>             6.16</td><td>          5638.00</td><td>            80.20</td><td>          5230.00</td><td>            74.40</td><td>           354.00</td><td class='left'>RNA3kChr16</td></tr>
< <tr><td></td><td>          7030.00</td><td>             0.00</td><td>           433.00</td><td>             6.16</td><td>          5638.00</td><td>            80.20</td><td>          5230.00</td><td>            74.40</td><td>           354.00</td><td class='left'>RNA3kChr16rep</td></tr>
---
> <tr><td></td><td>          7030.00</td><td>             0.00</td><td>           425.00</td><td>             6.05</td><td>          5651.00</td><td>            80.38</td><td>          5256.00</td><td>            74.77</td><td>           341.00</td><td class='left'>RNA3kChr16</td></tr>
> <tr><td></td><td>          7030.00</td><td>             0.00</td><td>           425.00</td><td>             6.05</td><td>          5651.00</td><td>            80.38</td><td>          5256.00</td><td>            74.77</td><td>           341.00</td><td class='left'>RNA3kChr16rep</td></tr>
435,438c435,438
< <tr><td class='left'>sum</td><td>         14060.00</td><td>             0.00</td><td>           866.00</td><td>            12.32</td><td>         11276.00</td><td>           160.40</td><td>         10460.00</td><td>           148.79</td><td>           708.00</td><td class='left'><i>aggregation</i></td></tr>
< <tr><td class='left'>min</td><td>          7030.00</td><td>             0.00</td><td>           433.00</td><td>             6.16</td><td>          5638.00</td><td>            80.20</td><td>          5230.00</td><td>            74.40</td><td>           354.00</td><td></td></tr>
< <tr><td class='left'>max</td><td>          7030.00</td><td>             0.00</td><td>           433.00</td><td>             6.16</td><td>          5638.00</td><td>            80.20</td><td>          5230.00</td><td>            74.40</td><td>           354.00</td><td></td></tr>
< <tr><td class='left'>av</td><td>          7030.00</td><td>             0.00</td><td>           433.00</td><td>             6.16</td><td>          5638.00</td><td>            80.20</td><td>          5230.00</td><td>            74.40</td><td>           354.00</td><td></td></tr>
---
> <tr><td class='left'>sum</td><td>         14060.00</td><td>             0.00</td><td>           850.00</td><td>            12.09</td><td>         11302.00</td><td>           160.77</td><td>         10512.00</td><td>           149.53</td><td>           682.00</td><td class='left'><i>aggregation</i></td></tr>
> <tr><td class='left'>min</td><td>          7030.00</td><td>             0.00</td><td>           425.00</td><td>             6.05</td><td>          5651.00</td><td>            80.38</td><td>          5256.00</td><td>            74.77</td><td>           341.00</td><td></td></tr>
> <tr><td class='left'>max</td><td>          7030.00</td><td>             0.00</td><td>           425.00</td><td>             6.05</td><td>          5651.00</td><td>            80.38</td><td>          5256.00</td><td>            74.77</td><td>           341.00</td><td></td></tr>
> <tr><td class='left'>av</td><td>          7030.00</td><td>             0.00</td><td>           425.00</td><td>             6.05</td><td>          5651.00</td><td>            80.38</td><td>          5256.00</td><td>            74.77</td><td>           341.00</td><td></td></tr>
445,448c445,448
< <tr><td class='left'>sum</td><td>         14060.00</td><td>             0.00</td><td>           866.00</td><td>            12.32</td><td>         11276.00</td><td>           160.40</td><td>         10460.00</td><td>           148.79</td><td>           708.00</td><td class='left'><i>aggregation</i></td></tr>
< <tr><td class='left'>min</td><td>          7030.00</td><td>             0.00</td><td>           433.00</td><td>             6.16</td><td>          5638.00</td><td>            80.20</td><td>          5230.00</td><td>            74.40</td><td>           354.00</td><td></td></tr>
< <tr><td class='left'>max</td><td>          7030.00</td><td>             0.00</td><td>           433.00</td><td>             6.16</td><td>          5638.00</td><td>            80.20</td><td>          5230.00</td><td>            74.40</td><td>           354.00</td><td></td></tr>
< <tr><td class='left'>av</td><td>          7030.00</td><td>             0.00</td><td>           433.00</td><td>             6.16</td><td>          5638.00</td><td>            80.20</td><td>          5230.00</td><td>            74.40</td><td>           354.00</td><td></td></tr>
---
> <tr><td class='left'>sum</td><td>         14060.00</td><td>             0.00</td><td>           850.00</td><td>            12.09</td><td>         11302.00</td><td>           160.77</td><td>         10512.00</td><td>           149.53</td><td>           682.00</td><td class='left'><i>aggregation</i></td></tr>
> <tr><td class='left'>min</td><td>          7030.00</td><td>             0.00</td><td>           425.00</td><td>             6.05</td><td>          5651.00</td><td>            80.38</td><td>          5256.00</td><td>            74.77</td><td>           341.00</td><td></td></tr>
> <tr><td class='left'>max</td><td>          7030.00</td><td>             0.00</td><td>           425.00</td><td>             6.05</td><td>          5651.00</td><td>            80.38</td><td>          5256.00</td><td>            74.77</td><td>           341.00</td><td></td></tr>
> <tr><td class='left'>av</td><td>          7030.00</td><td>             0.00</td><td>           425.00</td><td>             6.05</td><td>          5651.00</td><td>            80.38</td><td>          5256.00</td><td>            74.77</td><td>           341.00</td><td></td></tr>
456,457c456,457
< <tr><td></td><td>             0.00</td><td>          5260.00</td><td>          5320.00</td><td>             0.00</td><td>             0.00</td><td>             0.00</td><td>            42.00</td><td class='left'>RNA3kChr16.asd.bam</td></tr>
< <tr><td></td><td>             0.00</td><td>          5260.00</td><td>          5320.00</td><td>             0.00</td><td>             0.00</td><td>             0.00</td><td>            42.00</td><td class='left'>RNA3kChr16rep.asd.bam</td></tr>
---
> <tr><td></td><td>             0.00</td><td>          5270.00</td><td>          5330.00</td><td>             0.00</td><td>             0.00</td><td>             0.00</td><td>            42.00</td><td class='left'>RNA3kChr16.asd.bam</td></tr>
> <tr><td></td><td>             0.00</td><td>          5270.00</td><td>          5330.00</td><td>             0.00</td><td>             0.00</td><td>             0.00</td><td>            42.00</td><td class='left'>RNA3kChr16rep.asd.bam</td></tr>
460,463c460,463
< <tr><td class='left'>sum</td><td>             0.00</td><td>         10520.00</td><td>         10640.00</td><td>             0.00</td><td>             0.00</td><td>             0.00</td><td>            84.00</td><td class='left'><i>aggregation</i></td></tr>
< <tr><td class='left'>min</td><td>             0.00</td><td>          5260.00</td><td>          5320.00</td><td>             0.00</td><td>             0.00</td><td>             0.00</td><td>            42.00</td><td></td></tr>
< <tr><td class='left'>max</td><td>             0.00</td><td>          5260.00</td><td>          5320.00</td><td>             0.00</td><td>             0.00</td><td>             0.00</td><td>            42.00</td><td></td></tr>
< <tr><td class='left'>av</td><td>             0.00</td><td>          5260.00</td><td>          5320.00</td><td>             0.00</td><td>             0.00</td><td>             0.00</td><td>            42.00</td><td></td></tr>
---
> <tr><td class='left'>sum</td><td>             0.00</td><td>         10540.00</td><td>         10660.00</td><td>             0.00</td><td>             0.00</td><td>             0.00</td><td>            84.00</td><td class='left'><i>aggregation</i></td></tr>
> <tr><td class='left'>min</td><td>             0.00</td><td>          5270.00</td><td>          5330.00</td><td>             0.00</td><td>             0.00</td><td>             0.00</td><td>            42.00</td><td></td></tr>
> <tr><td class='left'>max</td><td>             0.00</td><td>          5270.00</td><td>          5330.00</td><td>             0.00</td><td>             0.00</td><td>             0.00</td><td>            42.00</td><td></td></tr>
> <tr><td class='left'>av</td><td>             0.00</td><td>          5270.00</td><td>          5330.00</td><td>             0.00</td><td>             0.00</td><td>             0.00</td><td>            42.00</td><td></td></tr>
470,473c470,473
< <tr><td class='left'>sum</td><td>             0.00</td><td>         10520.00</td><td>         10640.00</td><td>             0.00</td><td>             0.00</td><td>             0.00</td><td>            84.00</td><td class='left'><i>aggregation</i></td></tr>
< <tr><td class='left'>min</td><td>             0.00</td><td>          5260.00</td><td>          5320.00</td><td>             0.00</td><td>             0.00</td><td>             0.00</td><td>            42.00</td><td></td></tr>
< <tr><td class='left'>max</td><td>             0.00</td><td>          5260.00</td><td>          5320.00</td><td>             0.00</td><td>             0.00</td><td>             0.00</td><td>            42.00</td><td></td></tr>
< <tr><td class='left'>av</td><td>             0.00</td><td>          5260.00</td><td>          5320.00</td><td>             0.00</td><td>             0.00</td><td>             0.00</td><td>            42.00</td><td></td></tr>
---
> <tr><td class='left'>sum</td><td>             0.00</td><td>         10540.00</td><td>         10660.00</td><td>             0.00</td><td>             0.00</td><td>             0.00</td><td>            84.00</td><td class='left'><i>aggregation</i></td></tr>
> <tr><td class='left'>min</td><td>             0.00</td><td>          5270.00</td><td>          5330.00</td><td>             0.00</td><td>             0.00</td><td>             0.00</td><td>            42.00</td><td></td></tr>
> <tr><td class='left'>max</td><td>             0.00</td><td>          5270.00</td><td>          5330.00</td><td>             0.00</td><td>             0.00</td><td>             0.00</td><td>            42.00</td><td></td></tr>
> <tr><td class='left'>av</td><td>             0.00</td><td>          5270.00</td><td>          5330.00</td><td>             0.00</td><td>             0.00</td><td>             0.00</td><td>            42.00</td><td></td></tr>
594,595c594,595
< <tr><td></td><td>          7030.00</td><td>             0.00</td><td>           433.00</td><td>             6.16</td><td>          5638.00</td><td>            80.20</td><td>          5230.00</td><td>            74.40</td><td>           354.00</td><td>             0.00</td><td class='left'>RNA3kChr16</td></tr>
< <tr><td></td><td>          7030.00</td><td>             0.00</td><td>           433.00</td><td>             6.16</td><td>          5638.00</td><td>            80.20</td><td>          5230.00</td><td>            74.40</td><td>           354.00</td><td>             0.00</td><td class='left'>RNA3kChr16rep</td></tr>
---
> <tr><td></td><td>          7030.00</td><td>             0.00</td><td>           425.00</td><td>             6.05</td><td>          5651.00</td><td>            80.38</td><td>          5256.00</td><td>            74.77</td><td>           341.00</td><td>             0.00</td><td class='left'>RNA3kChr16</td></tr>
> <tr><td></td><td>          7030.00</td><td>             0.00</td><td>           425.00</td><td>             6.05</td><td>          5651.00</td><td>            80.38</td><td>          5256.00</td><td>            74.77</td><td>           341.00</td><td>             0.00</td><td class='left'>RNA3kChr16rep</td></tr>
598,601c598,601
< <tr><td class='left'>sum</td><td>         14060.00</td><td>             0.00</td><td>           866.00</td><td>            12.32</td><td>         11276.00</td><td>           160.40</td><td>         10460.00</td><td>           148.79</td><td>           708.00</td><td>             0.00</td><td class='left'><i>aggregation</i></td></tr>
< <tr><td class='left'>min</td><td>          7030.00</td><td>             0.00</td><td>           433.00</td><td>             6.16</td><td>          5638.00</td><td>            80.20</td><td>          5230.00</td><td>            74.40</td><td>           354.00</td><td>             0.00</td><td></td></tr>
< <tr><td class='left'>max</td><td>          7030.00</td><td>             0.00</td><td>           433.00</td><td>             6.16</td><td>          5638.00</td><td>            80.20</td><td>          5230.00</td><td>            74.40</td><td>           354.00</td><td>             0.00</td><td></td></tr>
< <tr><td class='left'>av</td><td>          7030.00</td><td>             0.00</td><td>           433.00</td><td>             6.16</td><td>          5638.00</td><td>            80.20</td><td>          5230.00</td><td>            74.40</td><td>           354.00</td><td>             0.00</td><td></td></tr>
---
> <tr><td class='left'>sum</td><td>         14060.00</td><td>             0.00</td><td>           850.00</td><td>            12.09</td><td>         11302.00</td><td>           160.77</td><td>         10512.00</td><td>           149.53</td><td>           682.00</td><td>             0.00</td><td class='left'><i>aggregation</i></td></tr>
> <tr><td class='left'>min</td><td>          7030.00</td><td>             0.00</td><td>           425.00</td><td>             6.05</td><td>          5651.00</td><td>            80.38</td><td>          5256.00</td><td>            74.77</td><td>           341.00</td><td>             0.00</td><td></td></tr>
> <tr><td class='left'>max</td><td>          7030.00</td><td>             0.00</td><td>           425.00</td><td>             6.05</td><td>          5651.00</td><td>            80.38</td><td>          5256.00</td><td>            74.77</td><td>           341.00</td><td>             0.00</td><td></td></tr>
> <tr><td class='left'>av</td><td>          7030.00</td><td>             0.00</td><td>           425.00</td><td>             6.05</td><td>          5651.00</td><td>            80.38</td><td>          5256.00</td><td>            74.77</td><td>           341.00</td><td>             0.00</td><td></td></tr>
608,611c608,611
< <tr><td class='left'>sum</td><td>         14060.00</td><td>             0.00</td><td>           866.00</td><td>            12.32</td><td>         11276.00</td><td>           160.40</td><td>         10460.00</td><td>           148.79</td><td>           708.00</td><td>             0.00</td><td class='left'><i>aggregation</i></td></tr>
< <tr><td class='left'>min</td><td>          7030.00</td><td>             0.00</td><td>           433.00</td><td>             6.16</td><td>          5638.00</td><td>            80.20</td><td>          5230.00</td><td>            74.40</td><td>           354.00</td><td>             0.00</td><td></td></tr>
< <tr><td class='left'>max</td><td>          7030.00</td><td>             0.00</td><td>           433.00</td><td>             6.16</td><td>          5638.00</td><td>            80.20</td><td>          5230.00</td><td>            74.40</td><td>           354.00</td><td>             0.00</td><td></td></tr>
< <tr><td class='left'>av</td><td>          7030.00</td><td>             0.00</td><td>           433.00</td><td>             6.16</td><td>          5638.00</td><td>            80.20</td><td>          5230.00</td><td>            74.40</td><td>           354.00</td><td>             0.00</td><td></td></tr>
---
> <tr><td class='left'>sum</td><td>         14060.00</td><td>             0.00</td><td>           850.00</td><td>            12.09</td><td>         11302.00</td><td>           160.77</td><td>         10512.00</td><td>           149.53</td><td>           682.00</td><td>             0.00</td><td class='left'><i>aggregation</i></td></tr>
> <tr><td class='left'>min</td><td>          7030.00</td><td>             0.00</td><td>           425.00</td><td>             6.05</td><td>          5651.00</td><td>            80.38</td><td>          5256.00</td><td>            74.77</td><td>           341.00</td><td>             0.00</td><td></td></tr>
> <tr><td class='left'>max</td><td>          7030.00</td><td>             0.00</td><td>           425.00</td><td>             6.05</td><td>          5651.00</td><td>            80.38</td><td>          5256.00</td><td>            74.77</td><td>           341.00</td><td>             0.00</td><td></td></tr>
> <tr><td class='left'>av</td><td>          7030.00</td><td>             0.00</td><td>           425.00</td><td>             6.05</td><td>          5651.00</td><td>            80.38</td><td>          5256.00</td><td>            74.77</td><td>           341.00</td><td>             0.00</td><td></td></tr>
658c658
< [NOTE] SNP call done Wed Jan 22 15:40:53 EST 2014
---
> [NOTE] SNP call done Wed Jan 22 11:20:25 EST 2014
704c704
< <tr><td></td><td>            92.00</td><td>            44.00</td><td>            97.73</td><td>       2053517.00</td><td>             0.33</td><td>            48.00</td><td>       1882390.00</td><td>             0.07</td><td class='left'><a href="../../smokebox/variant/Transcript/Transcript.filter.snps.eval.txt">smokebox/variant/Transcript/Transcript.filter.snps.eval.txt</a></td></tr>
---
> <tr><td></td><td>            95.00</td><td>            44.00</td><td>            97.73</td><td>       2053517.00</td><td>             0.33</td><td>            51.00</td><td>       1771661.00</td><td>             0.06</td><td class='left'><a href="../../smokebox/variant/Transcript/Transcript.filter.snps.eval.txt">smokebox/variant/Transcript/Transcript.filter.snps.eval.txt</a></td></tr>
713c713
< <tr><td></td><td>             5.00</td><td>             0.00</td><td>             0.00</td><td>             0.00</td><td>             0.00</td><td>             5.00</td><td>      18070950.00</td><td>             0.67</td><td class='left'><a href="../../smokebox/variant/Transcript/Transcript.filter.indel.eval.txt">smokebox/variant/Transcript/Transcript.filter.indel.eval.txt</a></td></tr>
---
> <tr><td></td><td>             4.00</td><td>             0.00</td><td>             0.00</td><td>             0.00</td><td>             0.00</td><td>             4.00</td><td>      22588688.00</td><td>             1.00</td><td class='left'><a href="../../smokebox/variant/Transcript/Transcript.filter.indel.eval.txt">smokebox/variant/Transcript/Transcript.filter.indel.eval.txt</a></td></tr>
880c880
< <hr><span>Report generated with NGSANE version: ce117f48b7ac7f3153962971df14f116d902d409 (git hash)</span><span style='float:right;'>Last modified: Wed Jan 22 15:41:57 EST 2014</span>
---
> <hr><span>Report generated with NGSANE version: cf9fd73b74768a49078b21d64190632efd9fdf91 (git hash)</span><span style='float:right;'>Last modified: Wed Jan 22 11:22:12 EST 2014</span>

