<h3>Quicklink</h3>
<a href=#mapping>mapping</a> | 
<br><br>
Last modified Tue Aug 27 11:56:36 EST 2013
<a name="mapping"><h2>BWA Mapping</h2>
<pre>

###################################################
# NGSANE /apps/gi/ngsane/devel_master//mods/bwa 
###################################################
QC_PASS .. finished are 2/2
>>>>>>>>>> Errors
QC_PASS .. 0 have We are loosing reads/2
QC_PASS .. 0 have MAPQ should be 0 for unmapped read/2
QC_PASS .. 0 have no such file/2
QC_PASS .. 0 have file not found/2
QC_PASS .. 0 have bwa.sh: line/2
QC_PASS .. 0 have Resource temporarily unavailable/2
>>>>>>>>>> CheckPoints 
QC_PASS .. 2 have programs/2
QC_PASS .. 2 have mapping/2
QC_PASS .. 2 have sorting and bam-conversion/2
QC_PASS .. 2 have mark duplicates/2
QC_PASS .. 2 have statistics/2
QC_PASS .. 2 have calculate inner distance/2
QC_PASS .. 2 have verify/2
QC_PASS .. 2 have coverage track/2
QC_PASS .. 2 have samstat/2
</pre><h3>Result</h3><pre>

#### SmokeBox/Transcript/bwa/
                total            QCfail              dupl             dupl%            mapped           mapped%            paired           paired%        singletons         regmapped        regmapped%         regpaired        regpaired% 
              7030.00          0.00e+00              1.00              0.01             64.00              0.91          0.00e+00          0.00e+00             60.00           7030.00            100.00          0.00e+00          0.00e+00  SmokeBox/Transcript/bwa/RNA3kChr16_.asd.bam.stats
              7030.00          0.00e+00              1.00              0.01             64.00              0.91          0.00e+00          0.00e+00             60.00           7030.00            100.00          0.00e+00          0.00e+00  SmokeBox/Transcript/bwa/RNA3kChr16rep_.asd.bam.stats
-----------------------------
                total            QCfail              dupl             dupl%            mapped           mapped%            paired           paired%        singletons         regmapped        regmapped%         regpaired        regpaired% 
sum          14060.00          0.00e+00              2.00              0.03            128.00              1.82          0.00e+00          0.00e+00            120.00          14060.00            200.00          0.00e+00          0.00e+00
min           7030.00          0.00e+00              1.00              0.01             64.00              0.91          0.00e+00          0.00e+00             60.00           7030.00            100.00          0.00e+00          0.00e+00
max           7030.00          0.00e+00              1.00              0.01             64.00              0.91          0.00e+00          0.00e+00             60.00           7030.00            100.00          0.00e+00          0.00e+00
 av           7030.00          0.00e+00              1.00              0.01             64.00              0.91          0.00e+00          0.00e+00             60.00           7030.00            100.00          0.00e+00          0.00e+00
ste              0.00          0.00e+00              0.00              0.00              0.00              0.00          0.00e+00          0.00e+00              0.00              0.00              0.00          0.00e+00          0.00e+00

#### over all
-----------------------------
-----------------------------
                total            QCfail              dupl             dupl%            mapped           mapped%            paired           paired%        singletons         regmapped        regmapped%         regpaired        regpaired% 
sum          14060.00          0.00e+00              2.00              0.03            128.00              1.82          0.00e+00          0.00e+00            120.00          14060.00            200.00          0.00e+00          0.00e+00
min           7030.00          0.00e+00              1.00              0.01             64.00              0.91          0.00e+00          0.00e+00             60.00           7030.00            100.00          0.00e+00          0.00e+00
max           7030.00          0.00e+00              1.00              0.01             64.00              0.91          0.00e+00          0.00e+00             60.00           7030.00            100.00          0.00e+00          0.00e+00
 av           7030.00          0.00e+00              1.00              0.01             64.00              0.91          0.00e+00          0.00e+00             60.00           7030.00            100.00          0.00e+00          0.00e+00
ste              0.00          0.00e+00              0.00              0.00              0.00              0.00          0.00e+00          0.00e+00              0.00              0.00              0.00          0.00e+00          0.00e+00
<hr style='border: 0; border-top: 1px solid #ccc;'/>
</pre>
