
<!DOCTYPE html><html>
<head><meta charset="windows-1252"><title>NGSANE project card</title>
<script type="text/javascript" src="includes/js/jquery.js"></script>
<script type="text/javascript" charset="utf8" src="includes/js/jquery.dataTables.min.js"></script>
<script type="text/javascript" charset="utf8" src="includes/js/dataTables.responsive.js"></script>
<link rel="stylesheet" type="text/css" href="includes/css/jquery.dataTables.min.css">
<link rel="stylesheet" type="text/css" href="includes/css/dataTables.responsive.css">
<link rel="stylesheet" type="text/css" href="includes/css/ngsane.css">
<script type=text/javascript src=includes/js/ngsane.js></script>
<link rel="shortcut icon" href="includes/images/favicon.ico">
<link rel="apple-touch-icon" sizes="57x57" href="includes/images/apple-touch-icon-57x57.png">
<link rel="apple-touch-icon" sizes="114x114" href="includes/images/apple-touch-icon-114x114.png">
<link rel="apple-touch-icon" sizes="72x72" href="includes/images/apple-touch-icon-72x72.png">
<link rel="apple-touch-icon" sizes="144x144" href="includes/images/apple-touch-icon-144x144.png">
<link rel="apple-touch-icon" sizes="60x60" href="includes/images/apple-touch-icon-60x60.png">
<link rel="apple-touch-icon" sizes="120x120" href="includes/images/apple-touch-icon-120x120.png">
<link rel="apple-touch-icon" sizes="76x76" href="includes/images/apple-touch-icon-76x76.png">
<link rel="apple-touch-icon" sizes="152x152" href="includes/images/apple-touch-icon-152x152.png">
<link rel="icon" type="image/png" href="includes/images/favicon-196x196.png" sizes="196x196">
<link rel="icon" type="image/png" href="includes/images/favicon-160x160.png" sizes="160x160">
<link rel="icon" type="image/png" href="includes/images/favicon-96x96.png" sizes="96x96">
<link rel="icon" type="image/png" href="includes/images/favicon-16x16.png" sizes="16x16">
<link rel="icon" type="image/png" href="includes/images/favicon-32x32.png" sizes="32x32">
<meta name="msapplication-TileColor" content="#da532c">
<meta name="msapplication-TileImage" content="includes/images/mstile-144x144.png">
<meta name="msapplication-config" content="includes/images/browserconfig.xml">
</head><body>
<script type="text/javascript">
//<![CDATA[
    var datatable_array=[];
//]]>
</script>

<div id="center">
<div class=panel id=quicklinks><h2>Quicklinks</h2><div>

<a href='#hicup_panel' class='quicklinks'>hicup</a>|<a href='#fithic_panel' class='quicklinks'>fithic</a>|<a href='#References_panel' class='quicklinks'>References</a>

<div id ="right"><label>Aggregate: <input id="showAggregation" type="checkbox" /></label> <label>Global Filter: <input type="search" id="search" /></label></div>
</div><!-- Links -->
</div><!-- panel -->
<div class='panel' id='hicup_panel'><div class='tabs headbagb' id='hicup_panel_tabs'><a name='hicup'></a>
            <a class='selected' href='#hicup_results'><h2 id='hicup_h_results' class='sub'>HiCuP</h2></a>
            <a href='#hicup_checklist'><h2 id='hicup_h_checklist' class='sub inactive' rel='checklist'>Checklist<span class='counter'><span class='passed' id='hicup_counter_checkpoints_passed'></span><span class='failed' id='hicup_counter_checkpoints_failed'></span></span></h2></a>
            <a href='#hicup_notes'><h2 id='hicup_h_notes' class='sub inactive' rel='notes'>Notes<span class='counter'><span class='neutral' id='hicup_counter_notes'></span></span></span></h2></a>
            <a href='#hicup_errors'><h2 id='hicup_h_errors' class='sub inactive' rel='notes'>Errors<span class='counter'><span class='errors' id='hicup_counter_errors'></span></span></h2></a>
            <a href='#hicup_logfiles'><h2 id='hicup_h_logfiles' class='sub inactive' rel='errors'>Log files</h2></a>
</div>
<div class='tabContent_hide' id='DC_hicup_checklist'><div><pre>
###################################################
# NGSANE /share/ClusterShare/software/contrib/fabbus/ngsane/dev1/mods/hicup 
###################################################
>>>>>>>>>> Finished
QC_PASS .. 1/1 are finished
>>>>>>>>>> Errors
QC_PASS .. 0/1 have # QCVARIABLES
QC_PASS .. 0/1 have Resource temporarily unavailable
>>>>>>>>>> CheckPoints 
QC_PASS .. 1/1 have programs
QC_PASS .. 1/1 have parameters
QC_PASS .. 1/1 have recall files from tape
QC_PASS .. 1/1 have truncate
QC_PASS .. 1/1 have map
QC_PASS .. 1/1 have filter
QC_PASS .. 1/1 have de-duplicate
QC_PASS .. 1/1 have count Interactions

</pre></div></div>
<div class='tabContent_hide' id='DC_hicup_notes'><div class='box scroll'><pre>

qout/hicup/HiC_GMall_Ncol.out
[NOTE] Jobfile: /share/ClusterShare/software/contrib/fabbus/ngsane/dev1/smokebox/qout/hicup/job.20140910.log
[NOTE] Restriction enzyme 2 not defined
[NOTE] Detect fastq Phred encoding
[NOTE] Sanger Phred33	(33, 67) fastq format detected
</pre></div></div>
<div class='tabContent_hide' id='DC_hicup_errors'><div class='box scroll'><pre>

qout/hicup/HiC_GMall_Ncol.out
-- all good, no errors
</pre></div></div>
<div class='tabContent_hide' id='DC_hicup_logfiles'><div><div class='box scroll'>
<a href='../qout/hicup/HiC_GMall_Ncol.out'>HiC_GMall_Ncol.out</a><br/>
</div></div></div>
<script type='text/javascript'> 
        if (typeof jQuery === 'undefined') {
            console.log('jquery not loaded');
        } else {
            $('#hicup_counter_notes').text('4');
            $('#hicup_counter_errors').text('0');
            $('#hicup_counter_checkpoints_passed').text('11');
            $('#hicup_counter_checkpoints_failed').text('0'); 
            if (0==0){
                $('#hicup_counter_errors').toggleClass('errors neutral');
            }; 
            if(0==0){
                $('#hicup_counter_checkpoints_failed').toggleClass('failed nofailed');
            };

            $('#hicup_panelback h2').click(function() {
                $(this).parent().children().addClass('inactive');
                $(this).removeClass('inactive');
                console.log();
                var panel=$(this).attr('id').replace('_h_','_');
                $('#hicup_panel div.wrapper div.display').html($('#'+ panel).html());
            });
        }
    </script>
<div class='tabContent' id='DC_hicup_results'><div>
<script type="text/javascript">
//<![CDATA[
hicup_Table_1_json={
	"bPaginate": true,
	"bProcessing": false,
	"bAutoWidth": false,
	"bInfo": true,
	"bLengthChange": true,
    "bFilter": true,
	"iDisplayLength": 10,
	"bJQueryUI": false,
	"aLengthMenu": [[1, 5, 10, -1], [1, 5, 10, "All"]],
    "footerCallback": function ( row, data, start, end, display ) {
        var api = this.api(), data;
        // empty footer
        if (! $("#showAggregation")[0].checked){
            for (var c=0; c<this.fnSettings().aoColumns.length; c++){
                $( api.column( c ).footer() ).html("");
            }
        } else if (data.length <= 1){
            $( api.column( 1 ).footer() ).html("insufficient data for aggregation");
        } else {
        
            $( api.column( 1 ).footer() ).html("sum</br>min<br>max<br>median</br>mean</br>stdev");
            
            for (var c=2; c<this.fnSettings().aoColumns.length; c++){
    
                // Remove the formatting to get integer data for summation
                var intVal = function ( i ) {
                    var f = parseFloat(i);
                    if (!isNaN(f))
                        return f;
                    else
                        return "";
                };
        
                // Total over all pages
                var data = api.column( c, {"filter":"applied"} ).data();
                var total = data.length ? data.reduce( function (a, b) {  return intVal(a) + intVal(b); } ) : "";
                var maxV = Math.max.apply(Math, data);
                var minV = Math.min.apply(Math, data);
                var median = Math.median.apply(Math,data);
                var mean = Math.mean.apply(Math,data);
                var stdev = Math.std.apply(Math,data);
        
                $( api.column( c ).footer() ).html(formatNumber(total)+"<br/>"+formatNumber(minV)+"<br/>"+formatNumber(maxV)+"<br/>"+formatNumber(median)+"<br/>"+formatNumber(mean)+"<br/>"+formatNumber(stdev)+"<br/>");
            }
        }
    },
	"aoColumns": [

{'sTitle':'Experiment', 'sClass':'left'}, {'sTitle':'Sample', 'sClass':'left'} ,{'sTitle':'P1 non-trunc reads', 'mRender': function(data){return formatNumber(data);} } ,{'sTitle':'%', 'mRender': function(data){return formatNumber(data);} } ,{'sTitle':'P1 trunc reads', 'mRender': function(data){return formatNumber(data);} } ,{'sTitle':'%', 'mRender': function(data){return formatNumber(data);} } ,{'sTitle':'P2 non-trunc reads', 'mRender': function(data){return formatNumber(data);} } ,{'sTitle':'%', 'mRender': function(data){return formatNumber(data);} } ,{'sTitle':'P2 trunc reads', 'mRender': function(data){return formatNumber(data);} } ,{'sTitle':'%', 'mRender': function(data){return formatNumber(data);} } ,{'sTitle':'', 'bSortable':false , 'sWidth':'60px'}
], "aaData": [
['HiC' , 'GMall_Ncol' , 17695.00 , 100.00 , 0.00 , 0.00 , 17695.00 , 100.00 , 0.00 , 0.00 , '<a target="img" href="../HiC/hicup/GMall_Ncol_ditag_size_distribution.png"><img class=\"border\" src="../HiC/hicup/GMall_Ncol_ditag_size_distribution.png" height=60/></a>' ]
        ]};
        datatable_array.push({"json":"hicup_Table_1_json","html":"hicup_id_Table_1"});
        //]]>
        </script>
    <table id="hicup_id_Table_1" class="display no-wrap" width="100%"><thead><tr><th></th><th></th> <th></th> <th></th> <th></th> <th></th> <th></th> <th></th> <th></th> <th></th> <th></th></tr></thead><tbody><tr><td></td><td></td> <td></td> <td></td> <td></td> <td></td> <td></td> <td></td> <td></td> <td></td> <td></td></tr></tbody><tfoot><tr><td></td><td></td> <td></td> <td></td> <td></td> <td></td> <td></td> <td></td> <td></td> <td></td> <td></td></tr></tfoot></table>
<script type="text/javascript">
//<![CDATA[
hicup_Table_2_json={
	"bPaginate": true,
	"bProcessing": false,
	"bAutoWidth": false,
	"bInfo": true,
	"bLengthChange": true,
    "bFilter": true,
	"iDisplayLength": 10,
	"bJQueryUI": false,
	"aLengthMenu": [[1, 5, 10, -1], [1, 5, 10, "All"]],
    "footerCallback": function ( row, data, start, end, display ) {
        var api = this.api(), data;
        // empty footer
        if (! $("#showAggregation")[0].checked){
            for (var c=0; c<this.fnSettings().aoColumns.length; c++){
                $( api.column( c ).footer() ).html("");
            }
        } else if (data.length <= 1){
            $( api.column( 1 ).footer() ).html("insufficient data for aggregation");
        } else {
        
            $( api.column( 1 ).footer() ).html("sum</br>min<br>max<br>median</br>mean</br>stdev");
            
            for (var c=2; c<this.fnSettings().aoColumns.length; c++){
    
                // Remove the formatting to get integer data for summation
                var intVal = function ( i ) {
                    var f = parseFloat(i);
                    if (!isNaN(f))
                        return f;
                    else
                        return "";
                };
        
                // Total over all pages
                var data = api.column( c, {"filter":"applied"} ).data();
                var total = data.length ? data.reduce( function (a, b) {  return intVal(a) + intVal(b); } ) : "";
                var maxV = Math.max.apply(Math, data);
                var minV = Math.min.apply(Math, data);
                var median = Math.median.apply(Math,data);
                var mean = Math.mean.apply(Math,data);
                var stdev = Math.std.apply(Math,data);
        
                $( api.column( c ).footer() ).html(formatNumber(total)+"<br/>"+formatNumber(minV)+"<br/>"+formatNumber(maxV)+"<br/>"+formatNumber(median)+"<br/>"+formatNumber(mean)+"<br/>"+formatNumber(stdev)+"<br/>");
            }
        }
    },
	"aoColumns": [

{'sTitle':'Experiment', 'sClass':'left'}, {'sTitle':'Sample', 'sClass':'left'} ,{'sTitle':'P1 reads', 'mRender': function(data){return formatNumber(data);} } ,{'sTitle':'P2 reads', 'mRender': function(data){return formatNumber(data);} } ,{'sTitle':'Unique P1', 'mRender': function(data){return formatNumber(data);} } ,{'sTitle':'%', 'mRender': function(data){return formatNumber(data);} } ,{'sTitle':'Unique P2', 'mRender': function(data){return formatNumber(data);} } ,{'sTitle':'%', 'mRender': function(data){return formatNumber(data);} } ,{'sTitle':'Multi P1', 'mRender': function(data){return formatNumber(data);} } ,{'sTitle':'%', 'mRender': function(data){return formatNumber(data);} } ,{'sTitle':'Multi P2', 'mRender': function(data){return formatNumber(data);} } ,{'sTitle':'%', 'mRender': function(data){return formatNumber(data);} } ,{'sTitle':'Nonaligned P1', 'mRender': function(data){return formatNumber(data);} } ,{'sTitle':'%', 'mRender': function(data){return formatNumber(data);} } ,{'sTitle':'Nonaligned P2', 'mRender': function(data){return formatNumber(data);} } ,{'sTitle':'%', 'mRender': function(data){return formatNumber(data);} } ,{'sTitle':'Paired P1', 'mRender': function(data){return formatNumber(data);} } ,{'sTitle':'%', 'mRender': function(data){return formatNumber(data);} } ,{'sTitle':'Paired P2', 'mRender': function(data){return formatNumber(data);} } ,{'sTitle':'%', 'mRender': function(data){return formatNumber(data);} }
], "aaData": [
['HiC' , 'GMall_Ncol' , 17695.00 , 17695.00 , 17695.00 , 100.00 , 17695.00 , 100.00 , 0.00 , 0.00 , 0.00 , 0.00 , 0.00 , 0.00 , 0.00 , 0.00 , 17695.00 , 100.00 , 17695.00 , 100.00 ]
        ]};
        datatable_array.push({"json":"hicup_Table_2_json","html":"hicup_id_Table_2"});
        //]]>
        </script>
<hr class='spacer' />
    <table id="hicup_id_Table_2" class="display no-wrap" width="100%"><thead><tr><th></th><th></th> <th></th> <th></th> <th></th> <th></th> <th></th> <th></th> <th></th> <th></th> <th></th> <th></th> <th></th> <th></th> <th></th> <th></th> <th></th> <th></th> <th></th> <th></th></tr></thead><tbody><tr><td></td><td></td> <td></td> <td></td> <td></td> <td></td> <td></td> <td></td> <td></td> <td></td> <td></td> <td></td> <td></td> <td></td> <td></td> <td></td> <td></td> <td></td> <td></td> <td></td></tr></tbody><tfoot><tr><td></td><td></td> <td></td> <td></td> <td></td> <td></td> <td></td> <td></td> <td></td> <td></td> <td></td> <td></td> <td></td> <td></td> <td></td> <td></td> <td></td> <td></td> <td></td> <td></td></tr></tfoot></table>
<script type="text/javascript">
//<![CDATA[
hicup_Table_3_json={
	"bPaginate": true,
	"bProcessing": false,
	"bAutoWidth": false,
	"bInfo": true,
	"bLengthChange": true,
    "bFilter": true,
	"iDisplayLength": 10,
	"bJQueryUI": false,
	"aLengthMenu": [[1, 5, 10, -1], [1, 5, 10, "All"]],
    "footerCallback": function ( row, data, start, end, display ) {
        var api = this.api(), data;
        // empty footer
        if (! $("#showAggregation")[0].checked){
            for (var c=0; c<this.fnSettings().aoColumns.length; c++){
                $( api.column( c ).footer() ).html("");
            }
        } else if (data.length <= 1){
            $( api.column( 1 ).footer() ).html("insufficient data for aggregation");
        } else {
        
            $( api.column( 1 ).footer() ).html("sum</br>min<br>max<br>median</br>mean</br>stdev");
            
            for (var c=2; c<this.fnSettings().aoColumns.length; c++){
    
                // Remove the formatting to get integer data for summation
                var intVal = function ( i ) {
                    var f = parseFloat(i);
                    if (!isNaN(f))
                        return f;
                    else
                        return "";
                };
        
                // Total over all pages
                var data = api.column( c, {"filter":"applied"} ).data();
                var total = data.length ? data.reduce( function (a, b) {  return intVal(a) + intVal(b); } ) : "";
                var maxV = Math.max.apply(Math, data);
                var minV = Math.min.apply(Math, data);
                var median = Math.median.apply(Math,data);
                var mean = Math.mean.apply(Math,data);
                var stdev = Math.std.apply(Math,data);
        
                $( api.column( c ).footer() ).html(formatNumber(total)+"<br/>"+formatNumber(minV)+"<br/>"+formatNumber(maxV)+"<br/>"+formatNumber(median)+"<br/>"+formatNumber(mean)+"<br/>"+formatNumber(stdev)+"<br/>");
            }
        }
    },
	"aoColumns": [

{'sTitle':'Experiment', 'sClass':'left'}, {'sTitle':'Sample', 'sClass':'left'} ,{'sTitle':'Total pairs', 'mRender': function(data){return formatNumber(data);} } ,{'sTitle':'Valid', 'mRender': function(data){return formatNumber(data);} } ,{'sTitle':'%', 'mRender': function(data){return formatNumber(data);} , 'sWidth':'40px'} ,{'sTitle':'Cis <10kb', 'mRender': function(data){return formatNumber(data);} } ,{'sTitle':'Cis >10kb', 'mRender': function(data){return formatNumber(data);} } ,{'sTitle':'Trans', 'mRender': function(data){return formatNumber(data);} } ,{'sTitle':'Invalid', 'mRender': function(data){return formatNumber(data);} } ,{'sTitle':'%', 'mRender': function(data){return formatNumber(data);} , 'sWidth':'40px'} ,{'sTitle':'Circular', 'mRender': function(data){return formatNumber(data);} } ,{'sTitle':'Dangling', 'mRender': function(data){return formatNumber(data);} } ,{'sTitle':'Internal', 'mRender': function(data){return formatNumber(data);} } ,{'sTitle':'Re-ligation', 'mRender': function(data){return formatNumber(data);} } ,{'sTitle':'Contiguous', 'mRender': function(data){return formatNumber(data);} } ,{'sTitle':'Wrong size', 'mRender': function(data){return formatNumber(data);} } ,{'sTitle':'', 'bSortable':false , 'sWidth':'60px'}
], "aaData": [
['HiC' , 'GMall_Ncol' , 17695.00 , 17695.00 , 100.00 , 2045.00 , 15650.00 , 0.00 , 0.00 , 0 , 0.00 , 0.00 , 0.00 , 0.00 , 0.00 , 0.00 , '<a target="img" href="../HiC/hicup/GMall_Ncol_ditag_classification.png"><img class=\"border\" src="../HiC/hicup/GMall_Ncol_ditag_classification.png" height=60/></a>' ]
        ]};
        datatable_array.push({"json":"hicup_Table_3_json","html":"hicup_id_Table_3"});
        //]]>
        </script>
<hr class='spacer' />
    <table id="hicup_id_Table_3" class="display no-wrap" width="100%"><thead><tr><th></th><th></th> <th></th> <th></th> <th></th> <th></th> <th></th> <th></th> <th></th> <th></th> <th></th> <th></th> <th></th> <th></th> <th></th> <th></th> <th></th></tr></thead><tbody><tr><td></td><td></td> <td></td> <td></td> <td></td> <td></td> <td></td> <td></td> <td></td> <td></td> <td></td> <td></td> <td></td> <td></td> <td></td> <td></td> <td></td></tr></tbody><tfoot><tr><td></td><td></td> <td></td> <td></td> <td></td> <td></td> <td></td> <td></td> <td></td> <td></td> <td></td> <td></td> <td></td> <td></td> <td></td> <td></td> <td></td></tr></tfoot></table>
<script type="text/javascript">
//<![CDATA[
hicup_Table_4_json={
	"bPaginate": true,
	"bProcessing": false,
	"bAutoWidth": false,
	"bInfo": true,
	"bLengthChange": true,
    "bFilter": true,
	"iDisplayLength": 10,
	"bJQueryUI": false,
	"aLengthMenu": [[1, 5, 10, -1], [1, 5, 10, "All"]],
    "footerCallback": function ( row, data, start, end, display ) {
        var api = this.api(), data;
        // empty footer
        if (! $("#showAggregation")[0].checked){
            for (var c=0; c<this.fnSettings().aoColumns.length; c++){
                $( api.column( c ).footer() ).html("");
            }
        } else if (data.length <= 1){
            $( api.column( 1 ).footer() ).html("insufficient data for aggregation");
        } else {
        
            $( api.column( 1 ).footer() ).html("sum</br>min<br>max<br>median</br>mean</br>stdev");
            
            for (var c=2; c<this.fnSettings().aoColumns.length; c++){
    
                // Remove the formatting to get integer data for summation
                var intVal = function ( i ) {
                    var f = parseFloat(i);
                    if (!isNaN(f))
                        return f;
                    else
                        return "";
                };
        
                // Total over all pages
                var data = api.column( c, {"filter":"applied"} ).data();
                var total = data.length ? data.reduce( function (a, b) {  return intVal(a) + intVal(b); } ) : "";
                var maxV = Math.max.apply(Math, data);
                var minV = Math.min.apply(Math, data);
                var median = Math.median.apply(Math,data);
                var mean = Math.mean.apply(Math,data);
                var stdev = Math.std.apply(Math,data);
        
                $( api.column( c ).footer() ).html(formatNumber(total)+"<br/>"+formatNumber(minV)+"<br/>"+formatNumber(maxV)+"<br/>"+formatNumber(median)+"<br/>"+formatNumber(mean)+"<br/>"+formatNumber(stdev)+"<br/>");
            }
        }
    },
	"aoColumns": [

{'sTitle':'Experiment', 'sClass':'left'}, {'sTitle':'Sample', 'sClass':'left'} ,{'sTitle':'Valid reads', 'mRender': function(data){return formatNumber(data);} } ,{'sTitle':'Unique di-tags', 'mRender': function(data){return formatNumber(data);} } ,{'sTitle':'%', 'mRender': function(data){return formatNumber(data);} , 'sWidth':'40px'} ,{'sTitle':'Unique cis <10kb', 'mRender': function(data){return formatNumber(data);} } ,{'sTitle':'%', 'mRender': function(data){return formatNumber(data);} , 'sWidth':'40px'} ,{'sTitle':'Unique cis >10kb', 'mRender': function(data){return formatNumber(data);} } ,{'sTitle':'%', 'mRender': function(data){return formatNumber(data);} , 'sWidth':'40px'} ,{'sTitle':'Unique trans', 'mRender': function(data){return formatNumber(data);} } ,{'sTitle':'%', 'mRender': function(data){return formatNumber(data);} , 'sWidth':'40px'} ,{'sTitle':'', 'bSortable':false , 'sWidth':'60px'}
], "aaData": [
['HiC' , 'GMall_Ncol' , 17695.00 , 17693.00 , 99.98 , 2045.00 , 11.55 , 15648.00 , 88.43 , 0.00 , 0 , '<a target="img" href="../HiC/hicup/GMall_Ncol_uniques_cis-trans.png"><img class=\"border\" src="../HiC/hicup/GMall_Ncol_uniques_cis-trans.png" height=60/></a>' ]
        ]};
        datatable_array.push({"json":"hicup_Table_4_json","html":"hicup_id_Table_4"});
        //]]>
        </script>
<hr class='spacer' />
    <table id="hicup_id_Table_4" class="display no-wrap" width="100%"><thead><tr><th></th><th></th> <th></th> <th></th> <th></th> <th></th> <th></th> <th></th> <th></th> <th></th> <th></th> <th></th></tr></thead><tbody><tr><td></td><td></td> <td></td> <td></td> <td></td> <td></td> <td></td> <td></td> <td></td> <td></td> <td></td> <td></td></tr></tbody><tfoot><tr><td></td><td></td> <td></td> <td></td> <td></td> <td></td> <td></td> <td></td> <td></td> <td></td> <td></td> <td></td></tr></tfoot></table>
</div></div></div>
<div class='panel' id='fithic_panel'><div class='tabs headbagb' id='fithic_panel_tabs'><a name='fithic'></a>
            <a class='selected' href='#fithic_results'><h2 id='fithic_h_results' class='sub'>Fithic</h2></a>
            <a href='#fithic_checklist'><h2 id='fithic_h_checklist' class='sub inactive' rel='checklist'>Checklist<span class='counter'><span class='passed' id='fithic_counter_checkpoints_passed'></span><span class='failed' id='fithic_counter_checkpoints_failed'></span></span></h2></a>
            <a href='#fithic_notes'><h2 id='fithic_h_notes' class='sub inactive' rel='notes'>Notes<span class='counter'><span class='neutral' id='fithic_counter_notes'></span></span></span></h2></a>
            <a href='#fithic_errors'><h2 id='fithic_h_errors' class='sub inactive' rel='notes'>Errors<span class='counter'><span class='errors' id='fithic_counter_errors'></span></span></h2></a>
            <a href='#fithic_logfiles'><h2 id='fithic_h_logfiles' class='sub inactive' rel='errors'>Log files</h2></a>
</div>
<div class='tabContent_hide' id='DC_fithic_checklist'><div><pre>
###################################################
# NGSANE /share/ClusterShare/software/contrib/fabbus/ngsane/dev1/mods/fithic 
###################################################
>>>>>>>>>> Finished
QC_PASS .. 1/1 are finished
>>>>>>>>>> Errors
QC_PASS .. 0/1 have # QCVARIABLES
QC_PASS .. 0/1 have Resource temporarily unavailable
>>>>>>>>>> CheckPoints 
QC_PASS .. 1/1 have programs
QC_PASS .. 1/1 have parameters
QC_PASS .. 1/1 have recall files from tape
QC_PASS .. 1/1 have run fit-hi-c

</pre></div></div>
<div class='tabContent_hide' id='DC_fithic_notes'><div class='box scroll'><pre>

qout/fithic/HiC_GMall_Ncol.out
[NOTE] Jobfile: /share/ClusterShare/software/contrib/fabbus/ngsane/dev1/smokebox/qout/fithic/job.20140910.log
</pre></div></div>
<div class='tabContent_hide' id='DC_fithic_errors'><div class='box scroll'><pre>

qout/fithic/HiC_GMall_Ncol.out
-- all good, no errors
</pre></div></div>
<div class='tabContent_hide' id='DC_fithic_logfiles'><div><div class='box scroll'>
<a href='../qout/fithic/HiC_GMall_Ncol.out'>HiC_GMall_Ncol.out</a><br/>
</div></div></div>
<script type='text/javascript'> 
        if (typeof jQuery === 'undefined') {
            console.log('jquery not loaded');
        } else {
            $('#fithic_counter_notes').text('1');
            $('#fithic_counter_errors').text('0');
            $('#fithic_counter_checkpoints_passed').text('7');
            $('#fithic_counter_checkpoints_failed').text('0'); 
            if (0==0){
                $('#fithic_counter_errors').toggleClass('errors neutral');
            }; 
            if(0==0){
                $('#fithic_counter_checkpoints_failed').toggleClass('failed nofailed');
            };

            $('#fithic_panelback h2').click(function() {
                $(this).parent().children().addClass('inactive');
                $(this).removeClass('inactive');
                console.log();
                var panel=$(this).attr('id').replace('_h_','_');
                $('#fithic_panel div.wrapper div.display').html($('#'+ panel).html());
            });
        }
    </script>
<div class='tabContent' id='DC_fithic_results'><div>
<script type="text/javascript">
//<![CDATA[
fithic_Table_1_json={
	"bPaginate": true,
	"bProcessing": false,
	"bAutoWidth": false,
	"bInfo": true,
	"bLengthChange": true,
    "bFilter": true,
	"iDisplayLength": 10,
	"bJQueryUI": false,
	"aLengthMenu": [[1, 5, 10, -1], [1, 5, 10, "All"]],
    "footerCallback": function ( row, data, start, end, display ) {
        var api = this.api(), data;
        // empty footer
        if (! $("#showAggregation")[0].checked){
            for (var c=0; c<this.fnSettings().aoColumns.length; c++){
                $( api.column( c ).footer() ).html("");
            }
        } else if (data.length <= 1){
            $( api.column( 1 ).footer() ).html("insufficient data for aggregation");
        } else {
        
            $( api.column( 1 ).footer() ).html("sum</br>min<br>max<br>median</br>mean</br>stdev");
            
            for (var c=2; c<this.fnSettings().aoColumns.length; c++){
    
                // Remove the formatting to get integer data for summation
                var intVal = function ( i ) {
                    var f = parseFloat(i);
                    if (!isNaN(f))
                        return f;
                    else
                        return "";
                };
        
                // Total over all pages
                var data = api.column( c, {"filter":"applied"} ).data();
                var total = data.length ? data.reduce( function (a, b) {  return intVal(a) + intVal(b); } ) : "";
                var maxV = Math.max.apply(Math, data);
                var minV = Math.min.apply(Math, data);
                var median = Math.median.apply(Math,data);
                var mean = Math.mean.apply(Math,data);
                var stdev = Math.std.apply(Math,data);
        
                $( api.column( c ).footer() ).html(formatNumber(total)+"<br/>"+formatNumber(minV)+"<br/>"+formatNumber(maxV)+"<br/>"+formatNumber(median)+"<br/>"+formatNumber(mean)+"<br/>"+formatNumber(stdev)+"<br/>");
            }
        }
    },
	"aoColumns": [

{'sTitle':'Experiment', 'sClass':'left'}, {'sTitle':'Sample', 'sClass':'left'} ,{'sTitle':'Min distance', 'mRender': function(data){return formatNumber(data);} } ,{'sTitle':'Max distance', 'mRender': function(data){return formatNumber(data);} } ,{'sTitle':'Possible Intra In Range', 'mRender': function(data){return formatNumber(data);} } ,{'sTitle':'Intra In Range Count', 'mRender': function(data){return formatNumber(data);} } ,{'sTitle':'Intra Out Of Range Count', 'mRender': function(data){return formatNumber(data);} } ,{'sTitle':'Intra Very Proximal Count', 'mRender': function(data){return formatNumber(data);} } ,{'sTitle':'Inter Count', 'mRender': function(data){return formatNumber(data);} } ,{'sTitle':'Significant interactions', 'mRender': function(data){return formatNumber(data);} }
], "aaData": [
['HiC' , 'GMall_Ncol' , 5000.00 , 5000000.00 , 30531.00 , 7664.00 , 642.00 , 0.00 , 0.00 , 0.00 ]
        ]};
        datatable_array.push({"json":"fithic_Table_1_json","html":"fithic_id_Table_1"});
        //]]>
        </script>
    <table id="fithic_id_Table_1" class="display no-wrap" width="100%"><thead><tr><th></th><th></th> <th></th> <th></th> <th></th> <th></th> <th></th> <th></th> <th></th> <th></th></tr></thead><tbody><tr><td></td><td></td> <td></td> <td></td> <td></td> <td></td> <td></td> <td></td> <td></td> <td></td></tr></tbody><tfoot><tr><td></td><td></td> <td></td> <td></td> <td></td> <td></td> <td></td> <td></td> <td></td> <td></td></tr></tfoot></table>
</div></div></div>
<div class='panel'><div class='headbagb'><a name='References_panel'><h2 class='sub'>References</h2></a></div>
<h3>Please cite the following publications/resources</h3>
<table class="data"><thead><tr><th><div style="width:10px"></div></th><th><div></div></th></tr></thead><tbody>
<tr class='citation'><td class='top'>[1]</td><td class='left' >Bioinformatics. 2009 Aug 15;25(16):2078-9. doi: 10.1093/bioinformatics/btp352. Epub 2009 Jun 8. 'The Sequence Alignment/Map format and SAMtools.'; Li H, Handsaker B, Wysoker A, Fennell T, Ruan J, Homer N, Marth G, Abecasis G, Durbin R; 1000 Genome Project Data Processing Subgroup.</td></tr>
<tr class='citation'><td class='top'>[2]</td><td class='left' >Bioinformatics 2014; doi: 10.1093/bioinformatics/btu036 'NGSANE: A Lightweight Production Informatics Framework for High Throughput Data Analysis; Buske FA, French HJ, Smith MA, Clark SJ, Bauer DC</td></tr>
<tr class='citation'><td class='top'>[3]</td><td class='left' >Genome Biol. 2009;10(3):R25. doi: 10.1186/gb-2009-10-3-r25. Epub 2009 Mar 4. 'Ultrafast and memory-efficient alignment of short DNA sequences to the human genome.'; Langmead B, Trapnell C, Pop M, Salzberg SL.</td></tr>
<tr class='citation'><td class='top'>[4]</td><td class='left' >Genome Res February 5, 2014, doi:10.1101/gr.160374.113; 'Statistical confidence estimation for Hi-C data reveals regulatory chromatin contacts'; Ay F, Bailey TL, Noble WS</td></tr>
<tr class='citation'><td class='top'>[5]</td><td class='left' >Guido van Rossum, Jelke de Boer: Linking a Stub Generator (AIL) to a Prototyping Language (Python). Spring 1991 EurOpen Conference Proceedings (May 20-24, 1991) Tromso, Norway.</td></tr>
<tr class='citation'><td class='top'>[6]</td><td class='left' >http://www.bioinformatics.babraham.ac.uk/projects/hicup/</td></tr>
<tr class='citation'><td class='top'>[7]</td><td class='left' >R: A language and environment for statistical computing; R Core Team. R Foundation for Statistical Computing, Vienna, Austria, (2013)</td></tr>
</tbody></table>
</div></div>
<hr><span><img src='includes/images/favicon-32x32.png' /> Report generated with NGSANE version: da79b398b0186a1acd1ffedc36ead4cdddc71955 (git hash)</span><span style='float:right;'>Last modified: Wed Sep 10 10:52:29 EST 2014</span>
</div><!-- center --></body>

<script type=text/javascript>
    var tables = [];
    $(document).ready(function() { 
        for (var i = 0; i < datatable_array.length; i++) { 
            eval("var "+datatable_array[i].html+" = "+datatable_array[i].json);
            eval("tables.push($(\"#"+datatable_array[i].html+"\").dataTable("+datatable_array[i].json+"));");
        }
        $("#search").keyup(function(){
            for (var i=0;i<tables.length;i++){
                tables[i].fnDraw();
            }
        });
        $("#showAggregation").click(function(){
            for (var i=0;i<tables.length;i++){
                tables[i].fnDraw();
            }
        });
    }); 
</script>

<script type='text/javascript' src='includes/js/genericJavaScript.js'></script></html>
