<h3>Quicklink</h3>
<a href=#mapping>mapping</a> | 
<br><br>
Last modified Tue Aug 27 11:56:49 EST 2013
<a name="mapping"><h2>BOWTIE v2 Mapping</h2>
<pre>

###################################################
# NGSANE /apps/gi/ngsane/devel_master//mods/bowtie2 
###################################################
**_FAIL .. finished are 0/1
>>>>>>>>>> Errors
QC_PASS .. 0 have Resource temporarily unavailable/1
>>>>>>>>>> CheckPoints 
QC_PASS .. 1 have programs/1
QC_PASS .. 1 have generating the index files/1
QC_PASS .. 1 have recall files from tape/1
QC_PASS .. 1 have bowtie/1
**_FAIL .. 0 have sorting and bam-conversion/1
**_FAIL .. 0 have mark duplicates/1
**_FAIL .. 0 have statistics/1
**_FAIL .. 0 have calculate inner distance/1
**_FAIL .. 0 have verify/1
**_FAIL .. 0 have coverage track/1
**_FAIL .. 0 have samstat/1
</pre><h3>Result</h3><pre>

#### SmokeBox/Transcript/bowtie/
    

#### over all
-----------------------------
-----------------------------
    
sum 
min 
max 
 av 
ste 
<hr style='border: 0; border-top: 1px solid #ccc;'/>
</pre>
